#! /usr/bin/vvp
:ivl_version "12.0 (stable)";
:ivl_delay_selection "TYPICAL";
:vpi_time_precision - 12;
:vpi_module "/usr/lib/x86_64-linux-gnu/ivl/system.vpi";
:vpi_module "/usr/lib/x86_64-linux-gnu/ivl/vhdl_sys.vpi";
:vpi_module "/usr/lib/x86_64-linux-gnu/ivl/vhdl_textio.vpi";
:vpi_module "/usr/lib/x86_64-linux-gnu/ivl/v2005_math.vpi";
:vpi_module "/usr/lib/x86_64-linux-gnu/ivl/va_math.vpi";
:vpi_module "/usr/lib/x86_64-linux-gnu/ivl/v2009.vpi";
S_0x588347c39490 .scope package, "$unit" "$unit" 2 1;
 .timescale 0 0;
S_0x588347c39620 .scope module, "lif_neuron" "lif_neuron" 3 4;
 .timescale -9 -12;
    .port_info 0 /INPUT 1 "clk";
    .port_info 1 /INPUT 1 "reset";
    .port_info 2 /INPUT 64 "x_in";
    .port_info 3 /INPUT 65 "w_in";
    .port_info 4 /OUTPUT 1 "spike_out";
    .port_info 5 /OUTPUT 32 "v_mem";
P_0x588347c6bcb0 .param/l "num_inputs" 0 3 5, +C4<00000000000000000000000000000100>;
P_0x588347c6bcf0 .param/l "refract_cycles" 1 3 46, +C4<00000000000000000000000000000100>;
v0x588347c99390_0 .net *"_ivl_10", 29 0, L_0x588347cab9f0;  1 drivers
v0x588347c99490_0 .net *"_ivl_12", 31 0, L_0x588347cabcb0;  1 drivers
v0x588347c99570_0 .net *"_ivl_14", 15 0, L_0x588347cabbe0;  1 drivers
o0x7938e5ece558 .functor BUFZ 1, C4<z>; HiZ drive
v0x588347c99630_0 .net "clk", 0 0, o0x7938e5ece558;  0 drivers
v0x588347c996f0_0 .net/s "leak", 31 0, L_0x588347caba90;  1 drivers
v0x588347c99820_0 .var "next_spike", 0 0;
v0x588347c998e0 .array "products", 3 0;
v0x588347c998e0_0 .net/s v0x588347c998e0 0, 31 0, L_0x588347caa810; 1 drivers
v0x588347c998e0_1 .net/s v0x588347c998e0 1, 31 0, L_0x588347caade0; 1 drivers
v0x588347c998e0_2 .net/s v0x588347c998e0 2, 31 0, L_0x588347cab370; 1 drivers
v0x588347c998e0_3 .net/s v0x588347c998e0 3, 31 0, L_0x588347cab8b0; 1 drivers
v0x588347c99a20_0 .var "ref_counter", 3 0;
o0x7938e5ece6d8 .functor BUFZ 1, C4<z>; HiZ drive
v0x588347c99b00_0 .net "reset", 0 0, o0x7938e5ece6d8;  0 drivers
v0x588347c99bc0_0 .var "spike_out", 0 0;
v0x588347c99c80_0 .var/s "sum_temp", 31 0;
v0x588347c99d60_0 .net "total_sum", 17 8, L_0x588347cabdf0;  1 drivers
v0x588347c99e40_0 .var/s "v_after_reset", 15 0;
v0x588347c99f20_0 .var/s "v_mem", 31 0;
v0x588347c9a000_0 .var/s "v_next", 31 0;
o0x7938e5ece828 .functor BUFZ 65, C4<zzzzzzzzzzzzzzzzzzzzzzzzzzzzzzzzzzzzzzzzzzzzzzzzzzzzzzzzzzzzzzzzz>; HiZ drive
v0x588347c9a0e0_0 .net/s "w_in", 64 0, o0x7938e5ece828;  0 drivers
o0x7938e5ece858 .functor BUFZ 64, C4<zzzzzzzzzzzzzzzzzzzzzzzzzzzzzzzzzzzzzzzzzzzzzzzzzzzzzzzzzzzzzzzz>; HiZ drive
v0x588347c9a1c0_0 .net/s "x_in", 63 0, o0x7938e5ece858;  0 drivers
E_0x588347c73ce0 .event posedge, v0x588347c99630_0;
E_0x588347c73620/0 .event anyedge, v0x588347c99c80_0, v0x588347c998e0_0, v0x588347c998e0_1, v0x588347c998e0_2;
E_0x588347c73620/1 .event anyedge, v0x588347c998e0_3;
E_0x588347c73620 .event/or E_0x588347c73620/0, E_0x588347c73620/1;
L_0x588347c9a470 .part o0x7938e5ece858, 0, 16;
L_0x588347caa630 .part o0x7938e5ece828, 0, 16;
L_0x588347caa950 .part o0x7938e5ece858, 16, 16;
L_0x588347caab80 .part o0x7938e5ece828, 16, 16;
L_0x588347caaf20 .part o0x7938e5ece858, 32, 16;
L_0x588347cab150 .part o0x7938e5ece828, 32, 16;
L_0x588347cab4b0 .part o0x7938e5ece858, 48, 16;
L_0x588347cab640 .part o0x7938e5ece828, 48, 16;
L_0x588347cab9f0 .part v0x588347c99f20_0, 2, 30;
L_0x588347caba90 .extend/s 32, L_0x588347cab9f0;
L_0x588347cabbe0 .part v0x588347c99c80_0, 16, 16;
L_0x588347cabcb0 .extend/s 32, L_0x588347cabbe0;
L_0x588347cabdf0 .part L_0x588347cabcb0, 0, 10;
S_0x588347c6d080 .scope begin, "$unm_blk_1" "$unm_blk_1" 3 35, 3 35 0, S_0x588347c39620;
 .timescale -9 -12;
v0x588347c6d260_0 .var/i "k", 31 0;
S_0x588347c97220 .scope generate, "mult_gen[0]" "mult_gen[0]" 3 21, 3 21 0, S_0x588347c39620;
 .timescale -9 -12;
P_0x588347c97440 .param/l "i" 1 3 21, +C4<00>;
v0x588347c97500_0 .net *"_ivl_1", 15 0, L_0x588347c9a470;  1 drivers
L_0x7938e5e85060 .functor BUFT 1, C4<0000000000000000>, C4<0>, C4<0>, C4<0>;
v0x588347c975e0_0 .net *"_ivl_10", 15 0, L_0x7938e5e85060;  1 drivers
v0x588347c976c0_0 .net *"_ivl_2", 31 0, L_0x588347c9a510;  1 drivers
L_0x7938e5e85018 .functor BUFT 1, C4<0000000000000000>, C4<0>, C4<0>, C4<0>;
v0x588347c97780_0 .net *"_ivl_5", 15 0, L_0x7938e5e85018;  1 drivers
v0x588347c97860_0 .net *"_ivl_6", 15 0, L_0x588347caa630;  1 drivers
v0x588347c97990_0 .net *"_ivl_7", 31 0, L_0x588347caa6d0;  1 drivers
L_0x588347c9a510 .concat [ 16 16 0 0], L_0x588347c9a470, L_0x7938e5e85018;
L_0x588347caa6d0 .concat [ 16 16 0 0], L_0x588347caa630, L_0x7938e5e85060;
L_0x588347caa810 .arith/mult 32, L_0x588347c9a510, L_0x588347caa6d0;
S_0x588347c97a70 .scope generate, "mult_gen[1]" "mult_gen[1]" 3 21, 3 21 0, S_0x588347c39620;
 .timescale -9 -12;
P_0x588347c97c70 .param/l "i" 1 3 21, +C4<01>;
v0x588347c97d30_0 .net *"_ivl_1", 15 0, L_0x588347caa950;  1 drivers
L_0x7938e5e850f0 .functor BUFT 1, C4<0000000000000000>, C4<0>, C4<0>, C4<0>;
v0x588347c97e10_0 .net *"_ivl_10", 15 0, L_0x7938e5e850f0;  1 drivers
v0x588347c97ef0_0 .net *"_ivl_2", 31 0, L_0x588347caaa40;  1 drivers
L_0x7938e5e850a8 .functor BUFT 1, C4<0000000000000000>, C4<0>, C4<0>, C4<0>;
v0x588347c97fb0_0 .net *"_ivl_5", 15 0, L_0x7938e5e850a8;  1 drivers
v0x588347c98090_0 .net *"_ivl_6", 15 0, L_0x588347caab80;  1 drivers
v0x588347c981c0_0 .net *"_ivl_7", 31 0, L_0x588347caaca0;  1 drivers
L_0x588347caaa40 .concat [ 16 16 0 0], L_0x588347caa950, L_0x7938e5e850a8;
L_0x588347caaca0 .concat [ 16 16 0 0], L_0x588347caab80, L_0x7938e5e850f0;
L_0x588347caade0 .arith/mult 32, L_0x588347caaa40, L_0x588347caaca0;
S_0x588347c982a0 .scope generate, "mult_gen[2]" "mult_gen[2]" 3 21, 3 21 0, S_0x588347c39620;
 .timescale -9 -12;
P_0x588347c984a0 .param/l "i" 1 3 21, +C4<010>;
v0x588347c98580_0 .net *"_ivl_1", 15 0, L_0x588347caaf20;  1 drivers
L_0x7938e5e85180 .functor BUFT 1, C4<0000000000000000>, C4<0>, C4<0>, C4<0>;
v0x588347c98660_0 .net *"_ivl_10", 15 0, L_0x7938e5e85180;  1 drivers
v0x588347c98740_0 .net *"_ivl_2", 31 0, L_0x588347caafc0;  1 drivers
L_0x7938e5e85138 .functor BUFT 1, C4<0000000000000000>, C4<0>, C4<0>, C4<0>;
v0x588347c98800_0 .net *"_ivl_5", 15 0, L_0x7938e5e85138;  1 drivers
v0x588347c988e0_0 .net *"_ivl_6", 15 0, L_0x588347cab150;  1 drivers
v0x588347c98a10_0 .net *"_ivl_7", 31 0, L_0x588347cab230;  1 drivers
L_0x588347caafc0 .concat [ 16 16 0 0], L_0x588347caaf20, L_0x7938e5e85138;
L_0x588347cab230 .concat [ 16 16 0 0], L_0x588347cab150, L_0x7938e5e85180;
L_0x588347cab370 .arith/mult 32, L_0x588347caafc0, L_0x588347cab230;
S_0x588347c98af0 .scope generate, "mult_gen[3]" "mult_gen[3]" 3 21, 3 21 0, S_0x588347c39620;
 .timescale -9 -12;
P_0x588347c98d40 .param/l "i" 1 3 21, +C4<011>;
v0x588347c98e20_0 .net *"_ivl_1", 15 0, L_0x588347cab4b0;  1 drivers
L_0x7938e5e85210 .functor BUFT 1, C4<0000000000000000>, C4<0>, C4<0>, C4<0>;
v0x588347c98f00_0 .net *"_ivl_10", 15 0, L_0x7938e5e85210;  1 drivers
v0x588347c98fe0_0 .net *"_ivl_2", 31 0, L_0x588347cab550;  1 drivers
L_0x7938e5e851c8 .functor BUFT 1, C4<0000000000000000>, C4<0>, C4<0>, C4<0>;
v0x588347c990a0_0 .net *"_ivl_5", 15 0, L_0x7938e5e851c8;  1 drivers
v0x588347c99180_0 .net *"_ivl_6", 15 0, L_0x588347cab640;  1 drivers
v0x588347c992b0_0 .net *"_ivl_7", 31 0, L_0x588347cab7c0;  1 drivers
L_0x588347cab550 .concat [ 16 16 0 0], L_0x588347cab4b0, L_0x7938e5e851c8;
L_0x588347cab7c0 .concat [ 16 16 0 0], L_0x588347cab640, L_0x7938e5e85210;
L_0x588347cab8b0 .arith/mult 32, L_0x588347cab550, L_0x588347cab7c0;
    .scope S_0x588347c39620;
T_0 ;
    %wait E_0x588347c73620;
    %fork t_1, S_0x588347c6d080;
    %jmp t_0;
    .scope S_0x588347c6d080;
t_1 ;
    %pushi/vec4 0, 0, 32;
    %store/vec4 v0x588347c99c80_0, 0, 32;
    %pushi/vec4 0, 0, 32;
    %store/vec4 v0x588347c6d260_0, 0, 32;
T_0.0 ;
    %load/vec4 v0x588347c6d260_0;
    %cmpi/s 4, 0, 32;
    %jmp/0xz T_0.1, 5;
    %load/vec4 v0x588347c99c80_0;
    %ix/getv/s 4, v0x588347c6d260_0;
    %load/vec4a v0x588347c998e0, 4;
    %add;
    %store/vec4 v0x588347c99c80_0, 0, 32;
    %load/vec4 v0x588347c6d260_0;
    %addi 1, 0, 32;
    %store/vec4 v0x588347c6d260_0, 0, 32;
    %jmp T_0.0;
T_0.1 ;
    %end;
    .scope S_0x588347c39620;
t_0 %join;
    %jmp T_0;
    .thread T_0, $push;
    .scope S_0x588347c39620;
T_1 ;
    %wait E_0x588347c73ce0;
    %load/vec4 v0x588347c99820_0;
    %cmpi/e 1, 0, 1;
    %jmp/0xz  T_1.0, 4;
    %pushi/vec4 4, 0, 4;
    %assign/vec4 v0x588347c99a20_0, 0;
    %pushi/vec4 0, 0, 32;
    %assign/vec4 v0x588347c99f20_0, 0;
    %jmp T_1.1;
T_1.0 ;
    %load/vec4 v0x588347c99a20_0;
    %pad/u 32;
    %cmpi/u 0, 0, 32;
    %flag_or 5, 4; GT is !LE
    %flag_inv 5;
    %jmp/0xz  T_1.2, 5;
    %load/vec4 v0x588347c99a20_0;
    %subi 1, 0, 4;
    %assign/vec4 v0x588347c99a20_0, 0;
    %pushi/vec4 0, 0, 32;
    %assign/vec4 v0x588347c99f20_0, 0;
    %jmp T_1.3;
T_1.2 ;
    %load/vec4 v0x588347c9a000_0;
    %assign/vec4 v0x588347c99f20_0, 0;
T_1.3 ;
T_1.1 ;
    %load/vec4 v0x588347c99b00_0;
    %cmpi/e 1, 0, 1;
    %jmp/0xz  T_1.4, 4;
    %pushi/vec4 0, 0, 32;
    %assign/vec4 v0x588347c99f20_0, 0;
    %pushi/vec4 0, 0, 1;
    %assign/vec4 v0x588347c99bc0_0, 0;
    %jmp T_1.5;
T_1.4 ;
    %pushi/vec4 10, 0, 32;
    %load/vec4 v0x588347c99d60_0;
    %pad/u 32;
    %cmp/u;
    %flag_get/vec4 4;
    %flag_get/vec4 5;
    %or;
    %store/vec4 v0x588347c99820_0, 0, 1;
    %load/vec4 v0x588347c99820_0;
    %flag_set/vec4 8;
    %jmp/0 T_1.6, 8;
    %load/vec4 v0x588347c99f20_0;
    %subi 2560, 0, 32;
    %jmp/1 T_1.7, 8;
T_1.6 ; End of true expr.
    %load/vec4 v0x588347c99f20_0;
    %jmp/0 T_1.7, 8;
 ; End of false expr.
    %blend;
T_1.7;
    %pad/u 16;
    %store/vec4 v0x588347c99e40_0, 0, 16;
    %load/vec4 v0x588347c99e40_0;
    %pad/u 32;
    %load/vec4 v0x588347c99e40_0;
    %pad/u 32;
    %ix/load 4, 2, 0;
    %flag_set/imm 4, 0;
    %shiftr 4;
    %sub;
    %load/vec4 v0x588347c99d60_0;
    %pad/u 32;
    %add;
    %store/vec4 v0x588347c9a000_0, 0, 32;
    %load/vec4 v0x588347c9a000_0;
    %cmpi/s 0, 0, 32;
    %jmp/0xz  T_1.8, 5;
    %pushi/vec4 0, 0, 32;
    %assign/vec4 v0x588347c99f20_0, 0;
    %jmp T_1.9;
T_1.8 ;
    %load/vec4 v0x588347c9a000_0;
    %assign/vec4 v0x588347c99f20_0, 0;
T_1.9 ;
    %load/vec4 v0x588347c99820_0;
    %assign/vec4 v0x588347c99bc0_0, 0;
T_1.5 ;
    %jmp T_1;
    .thread T_1;
# The file index is used to find the file name in the following table.
:file_names 4;
    "N/A";
    "<interactive>";
    "-";
    "lif_neuron.v";
