#! /usr/bin/vvp
:ivl_version "12.0 (stable)";
:ivl_delay_selection "TYPICAL";
:vpi_time_precision + 0;
:vpi_module "/usr/lib/x86_64-linux-gnu/ivl/system.vpi";
:vpi_module "/usr/lib/x86_64-linux-gnu/ivl/vhdl_sys.vpi";
:vpi_module "/usr/lib/x86_64-linux-gnu/ivl/vhdl_textio.vpi";
:vpi_module "/usr/lib/x86_64-linux-gnu/ivl/v2005_math.vpi";
:vpi_module "/usr/lib/x86_64-linux-gnu/ivl/va_math.vpi";
S_0x5c8a9f798240 .scope module, "bw_multiplier" "bw_multiplier" 2 1;
 .timescale 0 0;
    .port_info 0 /INPUT 1 "enable";
    .port_info 1 /INPUT 4 "A";
    .port_info 2 /INPUT 4 "B";
    .port_info 3 /OUTPUT 8 "partial0";
    .port_info 4 /OUTPUT 8 "partial1";
o0x796619c83378 .functor BUFZ 4, C4<zzzz>; HiZ drive
v0x5c8a9f7caca0_0 .net/s "A", 3 0, o0x796619c83378;  0 drivers
o0x796619c83198 .functor BUFZ 4, C4<zzzz>; HiZ drive
v0x5c8a9f7cad80_0 .net/s "B", 3 0, o0x796619c83198;  0 drivers
v0x5c8a9f7cae50_0 .net "booth_group0", 2 0, L_0x5c8a9f7cb670;  1 drivers
v0x5c8a9f7caf70_0 .net "booth_group1", 2 0, L_0x5c8a9f7cba80;  1 drivers
o0x796619c833a8 .functor BUFZ 1, C4<z>; HiZ drive
v0x5c8a9f7cb060_0 .net "enable", 0 0, o0x796619c833a8;  0 drivers
v0x5c8a9f7cb150_0 .net/s "op0", 2 0, v0x5c8a9f7c9670_0;  1 drivers
v0x5c8a9f7cb1f0_0 .net/s "op1", 2 0, v0x5c8a9f7c9ad0_0;  1 drivers
o0x796619c834c8 .functor BUFZ 8, C4<zzzzzzzz>; HiZ drive
v0x5c8a9f7cb2e0_0 .net/s "partial0", 7 0, o0x796619c834c8;  0 drivers
v0x5c8a9f7cb3c0_0 .net/s "partial1", 7 0, v0x5c8a9f7cab30_0;  1 drivers
S_0x5c8a9f79c1f0 .scope module, "enc0" "bw_encoder" 2 16, 3 1 0, S_0x5c8a9f798240;
 .timescale 0 0;
    .port_info 0 /INPUT 3 "bits";
    .port_info 1 /OUTPUT 3 "op";
v0x5c8a9f7ab560_0 .net "bits", 2 0, L_0x5c8a9f7cb670;  alias, 1 drivers
v0x5c8a9f7c9670_0 .var/s "op", 2 0;
E_0x5c8a9f7ad110 .event anyedge, v0x5c8a9f7ab560_0;
S_0x5c8a9f7c97b0 .scope module, "enc1" "bw_encoder" 2 21, 3 1 0, S_0x5c8a9f798240;
 .timescale 0 0;
    .port_info 0 /INPUT 3 "bits";
    .port_info 1 /OUTPUT 3 "op";
v0x5c8a9f7c99d0_0 .net "bits", 2 0, L_0x5c8a9f7cba80;  alias, 1 drivers
v0x5c8a9f7c9ad0_0 .var/s "op", 2 0;
E_0x5c8a9f7941d0 .event anyedge, v0x5c8a9f7c99d0_0;
S_0x5c8a9f7c9c10 .scope module, "gen" "bw_gen" 2 27, 4 1 0, S_0x5c8a9f798240;
 .timescale 0 0;
    .port_info 0 /INPUT 4 "B";
    .port_info 1 /OUTPUT 3 "booth_group0";
    .port_info 2 /OUTPUT 3 "booth_group1";
v0x5c8a9f7c9e40_0 .net/s "B", 3 0, o0x796619c83198;  alias, 0 drivers
v0x5c8a9f7c9f20_0 .net *"_ivl_1", 0 0, L_0x5c8a9f7cb500;  1 drivers
v0x5c8a9f7ca000_0 .net *"_ivl_11", 0 0, L_0x5c8a9f7cb900;  1 drivers
v0x5c8a9f7ca0c0_0 .net *"_ivl_13", 0 0, L_0x5c8a9f7cb9a0;  1 drivers
v0x5c8a9f7ca1a0_0 .net *"_ivl_3", 0 0, L_0x5c8a9f7cb5a0;  1 drivers
L_0x7966198ce018 .functor BUFT 1, C4<0>, C4<0>, C4<0>, C4<0>;
v0x5c8a9f7ca2d0_0 .net/2u *"_ivl_4", 0 0, L_0x7966198ce018;  1 drivers
v0x5c8a9f7ca3b0_0 .net *"_ivl_9", 0 0, L_0x5c8a9f7cb830;  1 drivers
v0x5c8a9f7ca490_0 .net "booth_group0", 2 0, L_0x5c8a9f7cb670;  alias, 1 drivers
v0x5c8a9f7ca550_0 .net "booth_group1", 2 0, L_0x5c8a9f7cba80;  alias, 1 drivers
L_0x5c8a9f7cb500 .part o0x796619c83198, 1, 1;
L_0x5c8a9f7cb5a0 .part o0x796619c83198, 0, 1;
L_0x5c8a9f7cb670 .concat [ 1 1 1 0], L_0x7966198ce018, L_0x5c8a9f7cb5a0, L_0x5c8a9f7cb500;
L_0x5c8a9f7cb830 .part o0x796619c83198, 3, 1;
L_0x5c8a9f7cb900 .part o0x796619c83198, 2, 1;
L_0x5c8a9f7cb9a0 .part o0x796619c83198, 1, 1;
L_0x5c8a9f7cba80 .concat [ 1 1 1 0], L_0x5c8a9f7cb9a0, L_0x5c8a9f7cb900, L_0x5c8a9f7cb830;
S_0x5c8a9f7ca650 .scope module, "pp1" "bw_partial_product" 2 33, 5 1 0, S_0x5c8a9f798240;
 .timescale 0 0;
    .port_info 0 /INPUT 1 "enable";
    .port_info 1 /INPUT 4 "A";
    .port_info 2 /INPUT 3 "op";
    .port_info 3 /OUTPUT 8 "partial_prod";
v0x5c8a9f7ca870_0 .net/s "A", 3 0, o0x796619c83378;  alias, 0 drivers
v0x5c8a9f7ca970_0 .net "enable", 0 0, o0x796619c833a8;  alias, 0 drivers
v0x5c8a9f7caa30_0 .net/s "op", 2 0, v0x5c8a9f7c9ad0_0;  alias, 1 drivers
v0x5c8a9f7cab30_0 .var/s "partial_prod", 7 0;
E_0x5c8a9f79eeb0 .event anyedge, v0x5c8a9f7ca970_0, v0x5c8a9f7c9ad0_0, v0x5c8a9f7ca870_0;
    .scope S_0x5c8a9f79c1f0;
T_0 ;
    %wait E_0x5c8a9f7ad110;
    %load/vec4 v0x5c8a9f7ab560_0;
    %dup/vec4;
    %pushi/vec4 0, 0, 3;
    %cmp/u;
    %jmp/1 T_0.0, 6;
    %dup/vec4;
    %pushi/vec4 1, 0, 3;
    %cmp/u;
    %jmp/1 T_0.1, 6;
    %dup/vec4;
    %pushi/vec4 2, 0, 3;
    %cmp/u;
    %jmp/1 T_0.2, 6;
    %dup/vec4;
    %pushi/vec4 3, 0, 3;
    %cmp/u;
    %jmp/1 T_0.3, 6;
    %dup/vec4;
    %pushi/vec4 4, 0, 3;
    %cmp/u;
    %jmp/1 T_0.4, 6;
    %dup/vec4;
    %pushi/vec4 5, 0, 3;
    %cmp/u;
    %jmp/1 T_0.5, 6;
    %dup/vec4;
    %pushi/vec4 6, 0, 3;
    %cmp/u;
    %jmp/1 T_0.6, 6;
    %dup/vec4;
    %pushi/vec4 7, 0, 3;
    %cmp/u;
    %jmp/1 T_0.7, 6;
    %pushi/vec4 0, 0, 3;
    %store/vec4 v0x5c8a9f7c9670_0, 0, 3;
    %jmp T_0.9;
T_0.0 ;
    %pushi/vec4 0, 0, 3;
    %store/vec4 v0x5c8a9f7c9670_0, 0, 3;
    %jmp T_0.9;
T_0.1 ;
    %pushi/vec4 1, 0, 3;
    %store/vec4 v0x5c8a9f7c9670_0, 0, 3;
    %jmp T_0.9;
T_0.2 ;
    %pushi/vec4 1, 0, 3;
    %store/vec4 v0x5c8a9f7c9670_0, 0, 3;
    %jmp T_0.9;
T_0.3 ;
    %pushi/vec4 2, 0, 3;
    %store/vec4 v0x5c8a9f7c9670_0, 0, 3;
    %jmp T_0.9;
T_0.4 ;
    %pushi/vec4 6, 0, 3;
    %store/vec4 v0x5c8a9f7c9670_0, 0, 3;
    %jmp T_0.9;
T_0.5 ;
    %pushi/vec4 7, 0, 3;
    %store/vec4 v0x5c8a9f7c9670_0, 0, 3;
    %jmp T_0.9;
T_0.6 ;
    %pushi/vec4 7, 0, 3;
    %store/vec4 v0x5c8a9f7c9670_0, 0, 3;
    %jmp T_0.9;
T_0.7 ;
    %pushi/vec4 0, 0, 3;
    %store/vec4 v0x5c8a9f7c9670_0, 0, 3;
    %jmp T_0.9;
T_0.9 ;
    %pop/vec4 1;
    %jmp T_0;
    .thread T_0, $push;
    .scope S_0x5c8a9f7c97b0;
T_1 ;
    %wait E_0x5c8a9f7941d0;
    %load/vec4 v0x5c8a9f7c99d0_0;
    %dup/vec4;
    %pushi/vec4 0, 0, 3;
    %cmp/u;
    %jmp/1 T_1.0, 6;
    %dup/vec4;
    %pushi/vec4 1, 0, 3;
    %cmp/u;
    %jmp/1 T_1.1, 6;
    %dup/vec4;
    %pushi/vec4 2, 0, 3;
    %cmp/u;
    %jmp/1 T_1.2, 6;
    %dup/vec4;
    %pushi/vec4 3, 0, 3;
    %cmp/u;
    %jmp/1 T_1.3, 6;
    %dup/vec4;
    %pushi/vec4 4, 0, 3;
    %cmp/u;
    %jmp/1 T_1.4, 6;
    %dup/vec4;
    %pushi/vec4 5, 0, 3;
    %cmp/u;
    %jmp/1 T_1.5, 6;
    %dup/vec4;
    %pushi/vec4 6, 0, 3;
    %cmp/u;
    %jmp/1 T_1.6, 6;
    %dup/vec4;
    %pushi/vec4 7, 0, 3;
    %cmp/u;
    %jmp/1 T_1.7, 6;
    %pushi/vec4 0, 0, 3;
    %store/vec4 v0x5c8a9f7c9ad0_0, 0, 3;
    %jmp T_1.9;
T_1.0 ;
    %pushi/vec4 0, 0, 3;
    %store/vec4 v0x5c8a9f7c9ad0_0, 0, 3;
    %jmp T_1.9;
T_1.1 ;
    %pushi/vec4 1, 0, 3;
    %store/vec4 v0x5c8a9f7c9ad0_0, 0, 3;
    %jmp T_1.9;
T_1.2 ;
    %pushi/vec4 1, 0, 3;
    %store/vec4 v0x5c8a9f7c9ad0_0, 0, 3;
    %jmp T_1.9;
T_1.3 ;
    %pushi/vec4 2, 0, 3;
    %store/vec4 v0x5c8a9f7c9ad0_0, 0, 3;
    %jmp T_1.9;
T_1.4 ;
    %pushi/vec4 6, 0, 3;
    %store/vec4 v0x5c8a9f7c9ad0_0, 0, 3;
    %jmp T_1.9;
T_1.5 ;
    %pushi/vec4 7, 0, 3;
    %store/vec4 v0x5c8a9f7c9ad0_0, 0, 3;
    %jmp T_1.9;
T_1.6 ;
    %pushi/vec4 7, 0, 3;
    %store/vec4 v0x5c8a9f7c9ad0_0, 0, 3;
    %jmp T_1.9;
T_1.7 ;
    %pushi/vec4 0, 0, 3;
    %store/vec4 v0x5c8a9f7c9ad0_0, 0, 3;
    %jmp T_1.9;
T_1.9 ;
    %pop/vec4 1;
    %jmp T_1;
    .thread T_1, $push;
    .scope S_0x5c8a9f7ca650;
T_2 ;
    %wait E_0x5c8a9f79eeb0;
    %load/vec4 v0x5c8a9f7ca970_0;
    %nor/r;
    %flag_set/vec4 8;
    %jmp/0xz  T_2.0, 8;
    %pushi/vec4 0, 0, 8;
    %store/vec4 v0x5c8a9f7cab30_0, 0, 8;
    %jmp T_2.1;
T_2.0 ;
    %load/vec4 v0x5c8a9f7caa30_0;
    %dup/vec4;
    %pushi/vec4 0, 0, 3;
    %cmp/u;
    %jmp/1 T_2.2, 6;
    %dup/vec4;
    %pushi/vec4 1, 0, 3;
    %cmp/u;
    %jmp/1 T_2.3, 6;
    %dup/vec4;
    %pushi/vec4 2, 0, 3;
    %cmp/u;
    %jmp/1 T_2.4, 6;
    %dup/vec4;
    %pushi/vec4 7, 0, 3;
    %cmp/u;
    %jmp/1 T_2.5, 6;
    %dup/vec4;
    %pushi/vec4 6, 0, 3;
    %cmp/u;
    %jmp/1 T_2.6, 6;
    %pushi/vec4 0, 0, 8;
    %store/vec4 v0x5c8a9f7cab30_0, 0, 8;
    %jmp T_2.8;
T_2.2 ;
    %pushi/vec4 0, 0, 8;
    %store/vec4 v0x5c8a9f7cab30_0, 0, 8;
    %jmp T_2.8;
T_2.3 ;
    %load/vec4 v0x5c8a9f7ca870_0;
    %pad/s 8;
    %store/vec4 v0x5c8a9f7cab30_0, 0, 8;
    %jmp T_2.8;
T_2.4 ;
    %load/vec4 v0x5c8a9f7ca870_0;
    %pad/s 8;
    %ix/load 4, 1, 0;
    %flag_set/imm 4, 0;
    %shiftl 4;
    %store/vec4 v0x5c8a9f7cab30_0, 0, 8;
    %jmp T_2.8;
T_2.5 ;
    %load/vec4 v0x5c8a9f7ca870_0;
    %pad/s 8;
    %inv;
    %pushi/vec4 1, 0, 8;
    %add;
    %store/vec4 v0x5c8a9f7cab30_0, 0, 8;
    %jmp T_2.8;
T_2.6 ;
    %load/vec4 v0x5c8a9f7ca870_0;
    %pad/s 8;
    %ix/load 4, 1, 0;
    %flag_set/imm 4, 0;
    %shiftl 4;
    %inv;
    %pushi/vec4 1, 0, 8;
    %add;
    %store/vec4 v0x5c8a9f7cab30_0, 0, 8;
    %jmp T_2.8;
T_2.8 ;
    %pop/vec4 1;
T_2.1 ;
    %jmp T_2;
    .thread T_2, $push;
# The file index is used to find the file name in the following table.
:file_names 6;
    "N/A";
    "<interactive>";
    "bw_multiplier.v";
    "bw_encoder.v";
    "bw_gen.v";
    "bw_partial_product.v";
